// Jest Snapshot v1, https://goo.gl/fbAQLP

exports[`Templates testing-template 1`] = `
"
<p>Hi Username,</p>
<p>This is a testing template with a fake link</p><a href=\\"/test/link?token=test_token\\">Fake Link</a>
<p>Cheers!</p>"
`;

exports[`Templates testing-template 2`] = `
"Hi Username,

This is a testing template with a fake link

Fake Link [/test/link?token=test_token]

Cheers!"
`;
